Archive member included to satisfy reference by file (symbol)

/Users/jcw/.platformio/packages/toolchain-gccarmnoneeabi/bin/../lib/gcc/arm-none-eabi/7.2.1/../../../../arm-none-eabi/lib/thumb/v7e-m/libc.a(lib_a-exit.o)
                              /Users/jcw/.platformio/packages/toolchain-gccarmnoneeabi/bin/../lib/gcc/arm-none-eabi/7.2.1/../../../../arm-none-eabi/lib/thumb/v7e-m/crt0.o (exit)
/Users/jcw/.platformio/packages/toolchain-gccarmnoneeabi/bin/../lib/gcc/arm-none-eabi/7.2.1/../../../../arm-none-eabi/lib/thumb/v7e-m/libc.a(lib_a-impure.o)
                              /Users/jcw/.platformio/packages/toolchain-gccarmnoneeabi/bin/../lib/gcc/arm-none-eabi/7.2.1/../../../../arm-none-eabi/lib/thumb/v7e-m/libc.a(lib_a-exit.o) (_global_impure_ptr)
/Users/jcw/.platformio/packages/toolchain-gccarmnoneeabi/bin/../lib/gcc/arm-none-eabi/7.2.1/../../../../arm-none-eabi/lib/thumb/v7e-m/libc.a(lib_a-init.o)
                              /Users/jcw/.platformio/packages/toolchain-gccarmnoneeabi/bin/../lib/gcc/arm-none-eabi/7.2.1/../../../../arm-none-eabi/lib/thumb/v7e-m/crt0.o (__libc_init_array)
/Users/jcw/.platformio/packages/toolchain-gccarmnoneeabi/bin/../lib/gcc/arm-none-eabi/7.2.1/../../../../arm-none-eabi/lib/thumb/v7e-m/libc.a(lib_a-memset.o)
                              /Users/jcw/.platformio/packages/toolchain-gccarmnoneeabi/bin/../lib/gcc/arm-none-eabi/7.2.1/../../../../arm-none-eabi/lib/thumb/v7e-m/crt0.o (memset)
/Users/jcw/.platformio/packages/toolchain-gccarmnoneeabi/bin/../lib/gcc/arm-none-eabi/7.2.1/../../../../arm-none-eabi/lib/thumb/v7e-m/libc.a(lib_a-__call_atexit.o)
                              /Users/jcw/.platformio/packages/toolchain-gccarmnoneeabi/bin/../lib/gcc/arm-none-eabi/7.2.1/../../../../arm-none-eabi/lib/thumb/v7e-m/libc.a(lib_a-exit.o) (__call_exitprocs)
/Users/jcw/.platformio/packages/toolchain-gccarmnoneeabi/bin/../lib/gcc/arm-none-eabi/7.2.1/../../../../arm-none-eabi/lib/thumb/v7e-m/libc.a(lib_a-atexit.o)
                              /Users/jcw/.platformio/packages/toolchain-gccarmnoneeabi/bin/../lib/gcc/arm-none-eabi/7.2.1/../../../../arm-none-eabi/lib/thumb/v7e-m/libc.a(lib_a-__call_atexit.o) (atexit)
/Users/jcw/.platformio/packages/toolchain-gccarmnoneeabi/bin/../lib/gcc/arm-none-eabi/7.2.1/../../../../arm-none-eabi/lib/thumb/v7e-m/libc.a(lib_a-fini.o)
                              /Users/jcw/.platformio/packages/toolchain-gccarmnoneeabi/bin/../lib/gcc/arm-none-eabi/7.2.1/../../../../arm-none-eabi/lib/thumb/v7e-m/libc.a(lib_a-__call_atexit.o) (__libc_fini_array)
/Users/jcw/.platformio/packages/toolchain-gccarmnoneeabi/bin/../lib/gcc/arm-none-eabi/7.2.1/../../../../arm-none-eabi/lib/thumb/v7e-m/libc.a(lib_a-lock.o)
                              /Users/jcw/.platformio/packages/toolchain-gccarmnoneeabi/bin/../lib/gcc/arm-none-eabi/7.2.1/../../../../arm-none-eabi/lib/thumb/v7e-m/libc.a(lib_a-__call_atexit.o) (__retarget_lock_acquire_recursive)
/Users/jcw/.platformio/packages/toolchain-gccarmnoneeabi/bin/../lib/gcc/arm-none-eabi/7.2.1/../../../../arm-none-eabi/lib/thumb/v7e-m/libc.a(lib_a-__atexit.o)
                              /Users/jcw/.platformio/packages/toolchain-gccarmnoneeabi/bin/../lib/gcc/arm-none-eabi/7.2.1/../../../../arm-none-eabi/lib/thumb/v7e-m/libc.a(lib_a-atexit.o) (__register_exitproc)
.pioenvs/lomem/libcba/libjeeh.a(jee.o)
                              .pioenvs/lomem/src/main.o (VTableRam())
/Users/jcw/.platformio/packages/toolchain-gccarmnoneeabi/bin/../lib/gcc/arm-none-eabi/7.2.1/../../../../arm-none-eabi/lib/thumb/v7e-m/libnosys.a(_exit.o)
                              /Users/jcw/.platformio/packages/toolchain-gccarmnoneeabi/bin/../lib/gcc/arm-none-eabi/7.2.1/../../../../arm-none-eabi/lib/thumb/v7e-m/libc.a(lib_a-exit.o) (_exit)
.pioenvs/lomem/libFrameworkCMSISDevice.a(startup_stm32f407xx.o)
                              (Reset_Handler)
.pioenvs/lomem/libFrameworkCMSISDevice.a(system_stm32f4xx.o)
                              .pioenvs/lomem/libFrameworkCMSISDevice.a(startup_stm32f407xx.o) (SystemInit)
/Users/jcw/.platformio/packages/toolchain-gccarmnoneeabi/bin/../lib/gcc/arm-none-eabi/7.2.1/../../../../arm-none-eabi/lib/thumb/v7e-m/libc_nano.a(lib_a-memcpy-stub.o)
                              .pioenvs/lomem/libcba/libjeeh.a(jee.o) (memcpy)
/Users/jcw/.platformio/packages/toolchain-gccarmnoneeabi/bin/../lib/gcc/arm-none-eabi/7.2.1/../../../../arm-none-eabi/lib/thumb/v7e-m/libc_nano.a(lib_a-strlen.o)
                              .pioenvs/lomem/libcba/libjeeh.a(jee.o) (strlen)

Allocating common symbols
Common symbol       size              file

__lock___atexit_recursive_mutex
                    0x1               /Users/jcw/.platformio/packages/toolchain-gccarmnoneeabi/bin/../lib/gcc/arm-none-eabi/7.2.1/../../../../arm-none-eabi/lib/thumb/v7e-m/libc.a(lib_a-lock.o)
__lock___arc4random_mutex
                    0x1               /Users/jcw/.platformio/packages/toolchain-gccarmnoneeabi/bin/../lib/gcc/arm-none-eabi/7.2.1/../../../../arm-none-eabi/lib/thumb/v7e-m/libc.a(lib_a-lock.o)
__lock___env_recursive_mutex
                    0x1               /Users/jcw/.platformio/packages/toolchain-gccarmnoneeabi/bin/../lib/gcc/arm-none-eabi/7.2.1/../../../../arm-none-eabi/lib/thumb/v7e-m/libc.a(lib_a-lock.o)
__lock___sinit_recursive_mutex
                    0x1               /Users/jcw/.platformio/packages/toolchain-gccarmnoneeabi/bin/../lib/gcc/arm-none-eabi/7.2.1/../../../../arm-none-eabi/lib/thumb/v7e-m/libc.a(lib_a-lock.o)
__lock___malloc_recursive_mutex
                    0x1               /Users/jcw/.platformio/packages/toolchain-gccarmnoneeabi/bin/../lib/gcc/arm-none-eabi/7.2.1/../../../../arm-none-eabi/lib/thumb/v7e-m/libc.a(lib_a-lock.o)
__lock___at_quick_exit_mutex
                    0x1               /Users/jcw/.platformio/packages/toolchain-gccarmnoneeabi/bin/../lib/gcc/arm-none-eabi/7.2.1/../../../../arm-none-eabi/lib/thumb/v7e-m/libc.a(lib_a-lock.o)
__lock___dd_hash_mutex
                    0x1               /Users/jcw/.platformio/packages/toolchain-gccarmnoneeabi/bin/../lib/gcc/arm-none-eabi/7.2.1/../../../../arm-none-eabi/lib/thumb/v7e-m/libc.a(lib_a-lock.o)
__lock___tz_mutex   0x1               /Users/jcw/.platformio/packages/toolchain-gccarmnoneeabi/bin/../lib/gcc/arm-none-eabi/7.2.1/../../../../arm-none-eabi/lib/thumb/v7e-m/libc.a(lib_a-lock.o)
__lock___sfp_recursive_mutex
                    0x1               /Users/jcw/.platformio/packages/toolchain-gccarmnoneeabi/bin/../lib/gcc/arm-none-eabi/7.2.1/../../../../arm-none-eabi/lib/thumb/v7e-m/libc.a(lib_a-lock.o)

Discarded input sections

 .text          0x0000000000000000        0x0 /Users/jcw/.platformio/packages/toolchain-gccarmnoneeabi/bin/../lib/gcc/arm-none-eabi/7.2.1/thumb/v7e-m/crti.o
 .data          0x0000000000000000        0x0 /Users/jcw/.platformio/packages/toolchain-gccarmnoneeabi/bin/../lib/gcc/arm-none-eabi/7.2.1/thumb/v7e-m/crti.o
 .bss           0x0000000000000000        0x0 /Users/jcw/.platformio/packages/toolchain-gccarmnoneeabi/bin/../lib/gcc/arm-none-eabi/7.2.1/thumb/v7e-m/crti.o
 .data          0x0000000000000000        0x4 /Users/jcw/.platformio/packages/toolchain-gccarmnoneeabi/bin/../lib/gcc/arm-none-eabi/7.2.1/thumb/v7e-m/crtbegin.o
 .text          0x0000000000000000       0x74 /Users/jcw/.platformio/packages/toolchain-gccarmnoneeabi/bin/../lib/gcc/arm-none-eabi/7.2.1/../../../../arm-none-eabi/lib/thumb/v7e-m/crt0.o
 .data          0x0000000000000000        0x0 /Users/jcw/.platformio/packages/toolchain-gccarmnoneeabi/bin/../lib/gcc/arm-none-eabi/7.2.1/../../../../arm-none-eabi/lib/thumb/v7e-m/crt0.o
 .bss           0x0000000000000000        0x0 /Users/jcw/.platformio/packages/toolchain-gccarmnoneeabi/bin/../lib/gcc/arm-none-eabi/7.2.1/../../../../arm-none-eabi/lib/thumb/v7e-m/crt0.o
 .ARM.extab     0x0000000000000000        0x0 /Users/jcw/.platformio/packages/toolchain-gccarmnoneeabi/bin/../lib/gcc/arm-none-eabi/7.2.1/../../../../arm-none-eabi/lib/thumb/v7e-m/crt0.o
 .ARM.exidx     0x0000000000000000        0x8 /Users/jcw/.platformio/packages/toolchain-gccarmnoneeabi/bin/../lib/gcc/arm-none-eabi/7.2.1/../../../../arm-none-eabi/lib/thumb/v7e-m/crt0.o
 .ARM.attributes
                0x0000000000000000       0x1c /Users/jcw/.platformio/packages/toolchain-gccarmnoneeabi/bin/../lib/gcc/arm-none-eabi/7.2.1/../../../../arm-none-eabi/lib/thumb/v7e-m/crt0.o
 .text          0x0000000000000000        0x0 /Users/jcw/.platformio/packages/toolchain-gccarmnoneeabi/bin/../lib/gcc/arm-none-eabi/7.2.1/../../../../arm-none-eabi/lib/thumb/v7e-m/libc.a(lib_a-exit.o)
 .data          0x0000000000000000        0x0 /Users/jcw/.platformio/packages/toolchain-gccarmnoneeabi/bin/../lib/gcc/arm-none-eabi/7.2.1/../../../../arm-none-eabi/lib/thumb/v7e-m/libc.a(lib_a-exit.o)
 .bss           0x0000000000000000        0x0 /Users/jcw/.platformio/packages/toolchain-gccarmnoneeabi/bin/../lib/gcc/arm-none-eabi/7.2.1/../../../../arm-none-eabi/lib/thumb/v7e-m/libc.a(lib_a-exit.o)
 .text.exit     0x0000000000000000       0x20 /Users/jcw/.platformio/packages/toolchain-gccarmnoneeabi/bin/../lib/gcc/arm-none-eabi/7.2.1/../../../../arm-none-eabi/lib/thumb/v7e-m/libc.a(lib_a-exit.o)
 .debug_frame   0x0000000000000000       0x28 /Users/jcw/.platformio/packages/toolchain-gccarmnoneeabi/bin/../lib/gcc/arm-none-eabi/7.2.1/../../../../arm-none-eabi/lib/thumb/v7e-m/libc.a(lib_a-exit.o)
 .ARM.attributes
                0x0000000000000000       0x2e /Users/jcw/.platformio/packages/toolchain-gccarmnoneeabi/bin/../lib/gcc/arm-none-eabi/7.2.1/../../../../arm-none-eabi/lib/thumb/v7e-m/libc.a(lib_a-exit.o)
 .text          0x0000000000000000        0x0 /Users/jcw/.platformio/packages/toolchain-gccarmnoneeabi/bin/../lib/gcc/arm-none-eabi/7.2.1/../../../../arm-none-eabi/lib/thumb/v7e-m/libc.a(lib_a-impure.o)
 .data          0x0000000000000000        0x0 /Users/jcw/.platformio/packages/toolchain-gccarmnoneeabi/bin/../lib/gcc/arm-none-eabi/7.2.1/../../../../arm-none-eabi/lib/thumb/v7e-m/libc.a(lib_a-impure.o)
 .bss           0x0000000000000000        0x0 /Users/jcw/.platformio/packages/toolchain-gccarmnoneeabi/bin/../lib/gcc/arm-none-eabi/7.2.1/../../../../arm-none-eabi/lib/thumb/v7e-m/libc.a(lib_a-impure.o)
 .data._impure_ptr
                0x0000000000000000        0x4 /Users/jcw/.platformio/packages/toolchain-gccarmnoneeabi/bin/../lib/gcc/arm-none-eabi/7.2.1/../../../../arm-none-eabi/lib/thumb/v7e-m/libc.a(lib_a-impure.o)
 .ARM.attributes
                0x0000000000000000       0x2e /Users/jcw/.platformio/packages/toolchain-gccarmnoneeabi/bin/../lib/gcc/arm-none-eabi/7.2.1/../../../../arm-none-eabi/lib/thumb/v7e-m/libc.a(lib_a-impure.o)
 .text          0x0000000000000000        0x0 /Users/jcw/.platformio/packages/toolchain-gccarmnoneeabi/bin/../lib/gcc/arm-none-eabi/7.2.1/../../../../arm-none-eabi/lib/thumb/v7e-m/libc.a(lib_a-init.o)
 .data          0x0000000000000000        0x0 /Users/jcw/.platformio/packages/toolchain-gccarmnoneeabi/bin/../lib/gcc/arm-none-eabi/7.2.1/../../../../arm-none-eabi/lib/thumb/v7e-m/libc.a(lib_a-init.o)
 .bss           0x0000000000000000        0x0 /Users/jcw/.platformio/packages/toolchain-gccarmnoneeabi/bin/../lib/gcc/arm-none-eabi/7.2.1/../../../../arm-none-eabi/lib/thumb/v7e-m/libc.a(lib_a-init.o)
 .debug_frame   0x0000000000000000       0x2c /Users/jcw/.platformio/packages/toolchain-gccarmnoneeabi/bin/../lib/gcc/arm-none-eabi/7.2.1/../../../../arm-none-eabi/lib/thumb/v7e-m/libc.a(lib_a-init.o)
 .ARM.attributes
                0x0000000000000000       0x2e /Users/jcw/.platformio/packages/toolchain-gccarmnoneeabi/bin/../lib/gcc/arm-none-eabi/7.2.1/../../../../arm-none-eabi/lib/thumb/v7e-m/libc.a(lib_a-init.o)
 .text          0x0000000000000000        0x0 /Users/jcw/.platformio/packages/toolchain-gccarmnoneeabi/bin/../lib/gcc/arm-none-eabi/7.2.1/../../../../arm-none-eabi/lib/thumb/v7e-m/libc.a(lib_a-memset.o)
 .data          0x0000000000000000        0x0 /Users/jcw/.platformio/packages/toolchain-gccarmnoneeabi/bin/../lib/gcc/arm-none-eabi/7.2.1/../../../../arm-none-eabi/lib/thumb/v7e-m/libc.a(lib_a-memset.o)
 .bss           0x0000000000000000        0x0 /Users/jcw/.platformio/packages/toolchain-gccarmnoneeabi/bin/../lib/gcc/arm-none-eabi/7.2.1/../../../../arm-none-eabi/lib/thumb/v7e-m/libc.a(lib_a-memset.o)
 .text.memset   0x0000000000000000       0x94 /Users/jcw/.platformio/packages/toolchain-gccarmnoneeabi/bin/../lib/gcc/arm-none-eabi/7.2.1/../../../../arm-none-eabi/lib/thumb/v7e-m/libc.a(lib_a-memset.o)
 .debug_frame   0x0000000000000000       0x38 /Users/jcw/.platformio/packages/toolchain-gccarmnoneeabi/bin/../lib/gcc/arm-none-eabi/7.2.1/../../../../arm-none-eabi/lib/thumb/v7e-m/libc.a(lib_a-memset.o)
 .ARM.attributes
                0x0000000000000000       0x2e /Users/jcw/.platformio/packages/toolchain-gccarmnoneeabi/bin/../lib/gcc/arm-none-eabi/7.2.1/../../../../arm-none-eabi/lib/thumb/v7e-m/libc.a(lib_a-memset.o)
 .text          0x0000000000000000        0x0 /Users/jcw/.platformio/packages/toolchain-gccarmnoneeabi/bin/../lib/gcc/arm-none-eabi/7.2.1/../../../../arm-none-eabi/lib/thumb/v7e-m/libc.a(lib_a-__call_atexit.o)
 .data          0x0000000000000000        0x0 /Users/jcw/.platformio/packages/toolchain-gccarmnoneeabi/bin/../lib/gcc/arm-none-eabi/7.2.1/../../../../arm-none-eabi/lib/thumb/v7e-m/libc.a(lib_a-__call_atexit.o)
 .bss           0x0000000000000000        0x0 /Users/jcw/.platformio/packages/toolchain-gccarmnoneeabi/bin/../lib/gcc/arm-none-eabi/7.2.1/../../../../arm-none-eabi/lib/thumb/v7e-m/libc.a(lib_a-__call_atexit.o)
 .text.__call_exitprocs
                0x0000000000000000       0xe8 /Users/jcw/.platformio/packages/toolchain-gccarmnoneeabi/bin/../lib/gcc/arm-none-eabi/7.2.1/../../../../arm-none-eabi/lib/thumb/v7e-m/libc.a(lib_a-__call_atexit.o)
 .debug_frame   0x0000000000000000       0x5c /Users/jcw/.platformio/packages/toolchain-gccarmnoneeabi/bin/../lib/gcc/arm-none-eabi/7.2.1/../../../../arm-none-eabi/lib/thumb/v7e-m/libc.a(lib_a-__call_atexit.o)
 .ARM.attributes
                0x0000000000000000       0x2e /Users/jcw/.platformio/packages/toolchain-gccarmnoneeabi/bin/../lib/gcc/arm-none-eabi/7.2.1/../../../../arm-none-eabi/lib/thumb/v7e-m/libc.a(lib_a-__call_atexit.o)
 .text          0x0000000000000000        0x0 /Users/jcw/.platformio/packages/toolchain-gccarmnoneeabi/bin/../lib/gcc/arm-none-eabi/7.2.1/../../../../arm-none-eabi/lib/thumb/v7e-m/libc.a(lib_a-atexit.o)
 .data          0x0000000000000000        0x0 /Users/jcw/.platformio/packages/toolchain-gccarmnoneeabi/bin/../lib/gcc/arm-none-eabi/7.2.1/../../../../arm-none-eabi/lib/thumb/v7e-m/libc.a(lib_a-atexit.o)
 .bss           0x0000000000000000        0x0 /Users/jcw/.platformio/packages/toolchain-gccarmnoneeabi/bin/../lib/gcc/arm-none-eabi/7.2.1/../../../../arm-none-eabi/lib/thumb/v7e-m/libc.a(lib_a-atexit.o)
 .debug_frame   0x0000000000000000       0x20 /Users/jcw/.platformio/packages/toolchain-gccarmnoneeabi/bin/../lib/gcc/arm-none-eabi/7.2.1/../../../../arm-none-eabi/lib/thumb/v7e-m/libc.a(lib_a-atexit.o)
 .ARM.attributes
                0x0000000000000000       0x2e /Users/jcw/.platformio/packages/toolchain-gccarmnoneeabi/bin/../lib/gcc/arm-none-eabi/7.2.1/../../../../arm-none-eabi/lib/thumb/v7e-m/libc.a(lib_a-atexit.o)
 .text          0x0000000000000000        0x0 /Users/jcw/.platformio/packages/toolchain-gccarmnoneeabi/bin/../lib/gcc/arm-none-eabi/7.2.1/../../../../arm-none-eabi/lib/thumb/v7e-m/libc.a(lib_a-fini.o)
 .data          0x0000000000000000        0x0 /Users/jcw/.platformio/packages/toolchain-gccarmnoneeabi/bin/../lib/gcc/arm-none-eabi/7.2.1/../../../../arm-none-eabi/lib/thumb/v7e-m/libc.a(lib_a-fini.o)
 .bss           0x0000000000000000        0x0 /Users/jcw/.platformio/packages/toolchain-gccarmnoneeabi/bin/../lib/gcc/arm-none-eabi/7.2.1/../../../../arm-none-eabi/lib/thumb/v7e-m/libc.a(lib_a-fini.o)
 .debug_frame   0x0000000000000000       0x34 /Users/jcw/.platformio/packages/toolchain-gccarmnoneeabi/bin/../lib/gcc/arm-none-eabi/7.2.1/../../../../arm-none-eabi/lib/thumb/v7e-m/libc.a(lib_a-fini.o)
 .ARM.attributes
                0x0000000000000000       0x2e /Users/jcw/.platformio/packages/toolchain-gccarmnoneeabi/bin/../lib/gcc/arm-none-eabi/7.2.1/../../../../arm-none-eabi/lib/thumb/v7e-m/libc.a(lib_a-fini.o)
 .text          0x0000000000000000        0x0 /Users/jcw/.platformio/packages/toolchain-gccarmnoneeabi/bin/../lib/gcc/arm-none-eabi/7.2.1/../../../../arm-none-eabi/lib/thumb/v7e-m/libc.a(lib_a-lock.o)
 .data          0x0000000000000000        0x0 /Users/jcw/.platformio/packages/toolchain-gccarmnoneeabi/bin/../lib/gcc/arm-none-eabi/7.2.1/../../../../arm-none-eabi/lib/thumb/v7e-m/libc.a(lib_a-lock.o)
 .bss           0x0000000000000000        0x0 /Users/jcw/.platformio/packages/toolchain-gccarmnoneeabi/bin/../lib/gcc/arm-none-eabi/7.2.1/../../../../arm-none-eabi/lib/thumb/v7e-m/libc.a(lib_a-lock.o)
 .text.__retarget_lock_init
                0x0000000000000000        0x4 /Users/jcw/.platformio/packages/toolchain-gccarmnoneeabi/bin/../lib/gcc/arm-none-eabi/7.2.1/../../../../arm-none-eabi/lib/thumb/v7e-m/libc.a(lib_a-lock.o)
 .text.__retarget_lock_init_recursive
                0x0000000000000000        0x4 /Users/jcw/.platformio/packages/toolchain-gccarmnoneeabi/bin/../lib/gcc/arm-none-eabi/7.2.1/../../../../arm-none-eabi/lib/thumb/v7e-m/libc.a(lib_a-lock.o)
 .text.__retarget_lock_close
                0x0000000000000000        0x4 /Users/jcw/.platformio/packages/toolchain-gccarmnoneeabi/bin/../lib/gcc/arm-none-eabi/7.2.1/../../../../arm-none-eabi/lib/thumb/v7e-m/libc.a(lib_a-lock.o)
 .text.__retarget_lock_close_recursive
                0x0000000000000000        0x4 /Users/jcw/.platformio/packages/toolchain-gccarmnoneeabi/bin/../lib/gcc/arm-none-eabi/7.2.1/../../../../arm-none-eabi/lib/thumb/v7e-m/libc.a(lib_a-lock.o)
 .text.__retarget_lock_acquire
                0x0000000000000000        0x4 /Users/jcw/.platformio/packages/toolchain-gccarmnoneeabi/bin/../lib/gcc/arm-none-eabi/7.2.1/../../../../arm-none-eabi/lib/thumb/v7e-m/libc.a(lib_a-lock.o)
 .text.__retarget_lock_try_acquire
                0x0000000000000000        0x4 /Users/jcw/.platformio/packages/toolchain-gccarmnoneeabi/bin/../lib/gcc/arm-none-eabi/7.2.1/../../../../arm-none-eabi/lib/thumb/v7e-m/libc.a(lib_a-lock.o)
 .text.__retarget_lock_try_acquire_recursive
                0x0000000000000000        0x4 /Users/jcw/.platformio/packages/toolchain-gccarmnoneeabi/bin/../lib/gcc/arm-none-eabi/7.2.1/../../../../arm-none-eabi/lib/thumb/v7e-m/libc.a(lib_a-lock.o)
 .text.__retarget_lock_release
                0x0000000000000000        0x4 /Users/jcw/.platformio/packages/toolchain-gccarmnoneeabi/bin/../lib/gcc/arm-none-eabi/7.2.1/../../../../arm-none-eabi/lib/thumb/v7e-m/libc.a(lib_a-lock.o)
 .debug_frame   0x0000000000000000       0xb0 /Users/jcw/.platformio/packages/toolchain-gccarmnoneeabi/bin/../lib/gcc/arm-none-eabi/7.2.1/../../../../arm-none-eabi/lib/thumb/v7e-m/libc.a(lib_a-lock.o)
 .ARM.attributes
                0x0000000000000000       0x2e /Users/jcw/.platformio/packages/toolchain-gccarmnoneeabi/bin/../lib/gcc/arm-none-eabi/7.2.1/../../../../arm-none-eabi/lib/thumb/v7e-m/libc.a(lib_a-lock.o)
 .text          0x0000000000000000        0x0 /Users/jcw/.platformio/packages/toolchain-gccarmnoneeabi/bin/../lib/gcc/arm-none-eabi/7.2.1/../../../../arm-none-eabi/lib/thumb/v7e-m/libc.a(lib_a-__atexit.o)
 .data          0x0000000000000000        0x0 /Users/jcw/.platformio/packages/toolchain-gccarmnoneeabi/bin/../lib/gcc/arm-none-eabi/7.2.1/../../../../arm-none-eabi/lib/thumb/v7e-m/libc.a(lib_a-__atexit.o)
 .bss           0x0000000000000000        0x0 /Users/jcw/.platformio/packages/toolchain-gccarmnoneeabi/bin/../lib/gcc/arm-none-eabi/7.2.1/../../../../arm-none-eabi/lib/thumb/v7e-m/libc.a(lib_a-__atexit.o)
 .debug_frame   0x0000000000000000       0x34 /Users/jcw/.platformio/packages/toolchain-gccarmnoneeabi/bin/../lib/gcc/arm-none-eabi/7.2.1/../../../../arm-none-eabi/lib/thumb/v7e-m/libc.a(lib_a-__atexit.o)
 .ARM.attributes
                0x0000000000000000       0x2e /Users/jcw/.platformio/packages/toolchain-gccarmnoneeabi/bin/../lib/gcc/arm-none-eabi/7.2.1/../../../../arm-none-eabi/lib/thumb/v7e-m/libc.a(lib_a-__atexit.o)
 .group         0x0000000000000000        0xc .pioenvs/lomem/src/main.o
 .group         0x0000000000000000       0x14 .pioenvs/lomem/src/main.o
 .group         0x0000000000000000        0x8 .pioenvs/lomem/src/main.o
 .group         0x0000000000000000        0x8 .pioenvs/lomem/src/main.o
 .group         0x0000000000000000        0x8 .pioenvs/lomem/src/main.o
 .group         0x0000000000000000        0x8 .pioenvs/lomem/src/main.o
 .text          0x0000000000000000        0x0 .pioenvs/lomem/src/main.o
 .data          0x0000000000000000        0x0 .pioenvs/lomem/src/main.o
 .bss           0x0000000000000000        0x0 .pioenvs/lomem/src/main.o
 .bss.console   0x0000000000000000        0x1 .pioenvs/lomem/src/main.o
 .bss.led       0x0000000000000000        0x1 .pioenvs/lomem/src/main.o
 .text          0x0000000000000000        0x0 .pioenvs/lomem/libcba/libjeeh.a(jee.o)
 .data          0x0000000000000000        0x0 .pioenvs/lomem/libcba/libjeeh.a(jee.o)
 .bss           0x0000000000000000        0x0 .pioenvs/lomem/libcba/libjeeh.a(jee.o)
 .text          0x0000000000000000        0x0 /Users/jcw/.platformio/packages/toolchain-gccarmnoneeabi/bin/../lib/gcc/arm-none-eabi/7.2.1/../../../../arm-none-eabi/lib/thumb/v7e-m/libnosys.a(_exit.o)
 .data          0x0000000000000000        0x0 /Users/jcw/.platformio/packages/toolchain-gccarmnoneeabi/bin/../lib/gcc/arm-none-eabi/7.2.1/../../../../arm-none-eabi/lib/thumb/v7e-m/libnosys.a(_exit.o)
 .bss           0x0000000000000000        0x0 /Users/jcw/.platformio/packages/toolchain-gccarmnoneeabi/bin/../lib/gcc/arm-none-eabi/7.2.1/../../../../arm-none-eabi/lib/thumb/v7e-m/libnosys.a(_exit.o)
 .text._exit    0x0000000000000000        0x4 /Users/jcw/.platformio/packages/toolchain-gccarmnoneeabi/bin/../lib/gcc/arm-none-eabi/7.2.1/../../../../arm-none-eabi/lib/thumb/v7e-m/libnosys.a(_exit.o)
 .debug_frame   0x0000000000000000       0x20 /Users/jcw/.platformio/packages/toolchain-gccarmnoneeabi/bin/../lib/gcc/arm-none-eabi/7.2.1/../../../../arm-none-eabi/lib/thumb/v7e-m/libnosys.a(_exit.o)
 .ARM.attributes
                0x0000000000000000       0x2e /Users/jcw/.platformio/packages/toolchain-gccarmnoneeabi/bin/../lib/gcc/arm-none-eabi/7.2.1/../../../../arm-none-eabi/lib/thumb/v7e-m/libnosys.a(_exit.o)
 .text          0x0000000000000000       0x14 .pioenvs/lomem/libFrameworkCMSISDevice.a(startup_stm32f407xx.o)
 .data          0x0000000000000000        0x0 .pioenvs/lomem/libFrameworkCMSISDevice.a(startup_stm32f407xx.o)
 .bss           0x0000000000000000        0x0 .pioenvs/lomem/libFrameworkCMSISDevice.a(startup_stm32f407xx.o)
 .text          0x0000000000000000        0x0 .pioenvs/lomem/libFrameworkCMSISDevice.a(system_stm32f4xx.o)
 .data          0x0000000000000000        0x0 .pioenvs/lomem/libFrameworkCMSISDevice.a(system_stm32f4xx.o)
 .bss           0x0000000000000000        0x0 .pioenvs/lomem/libFrameworkCMSISDevice.a(system_stm32f4xx.o)
 .text.SystemCoreClockUpdate
                0x0000000000000000       0x74 .pioenvs/lomem/libFrameworkCMSISDevice.a(system_stm32f4xx.o)
 .data.SystemCoreClock
                0x0000000000000000        0x4 .pioenvs/lomem/libFrameworkCMSISDevice.a(system_stm32f4xx.o)
 .rodata.AHBPrescTable
                0x0000000000000000       0x10 .pioenvs/lomem/libFrameworkCMSISDevice.a(system_stm32f4xx.o)
 .rodata.APBPrescTable
                0x0000000000000000        0x8 .pioenvs/lomem/libFrameworkCMSISDevice.a(system_stm32f4xx.o)
 .text          0x0000000000000000        0x0 /Users/jcw/.platformio/packages/toolchain-gccarmnoneeabi/bin/../lib/gcc/arm-none-eabi/7.2.1/../../../../arm-none-eabi/lib/thumb/v7e-m/libc_nano.a(lib_a-memcpy-stub.o)
 .data          0x0000000000000000        0x0 /Users/jcw/.platformio/packages/toolchain-gccarmnoneeabi/bin/../lib/gcc/arm-none-eabi/7.2.1/../../../../arm-none-eabi/lib/thumb/v7e-m/libc_nano.a(lib_a-memcpy-stub.o)
 .bss           0x0000000000000000        0x0 /Users/jcw/.platformio/packages/toolchain-gccarmnoneeabi/bin/../lib/gcc/arm-none-eabi/7.2.1/../../../../arm-none-eabi/lib/thumb/v7e-m/libc_nano.a(lib_a-memcpy-stub.o)
 .data          0x0000000000000000        0x0 /Users/jcw/.platformio/packages/toolchain-gccarmnoneeabi/bin/../lib/gcc/arm-none-eabi/7.2.1/../../../../arm-none-eabi/lib/thumb/v7e-m/libc_nano.a(lib_a-strlen.o)
 .bss           0x0000000000000000        0x0 /Users/jcw/.platformio/packages/toolchain-gccarmnoneeabi/bin/../lib/gcc/arm-none-eabi/7.2.1/../../../../arm-none-eabi/lib/thumb/v7e-m/libc_nano.a(lib_a-strlen.o)
 .text          0x0000000000000000        0x0 /Users/jcw/.platformio/packages/toolchain-gccarmnoneeabi/bin/../lib/gcc/arm-none-eabi/7.2.1/thumb/v7e-m/crtend.o
 .data          0x0000000000000000        0x0 /Users/jcw/.platformio/packages/toolchain-gccarmnoneeabi/bin/../lib/gcc/arm-none-eabi/7.2.1/thumb/v7e-m/crtend.o
 .bss           0x0000000000000000        0x0 /Users/jcw/.platformio/packages/toolchain-gccarmnoneeabi/bin/../lib/gcc/arm-none-eabi/7.2.1/thumb/v7e-m/crtend.o
 .eh_frame      0x0000000000000000        0x4 /Users/jcw/.platformio/packages/toolchain-gccarmnoneeabi/bin/../lib/gcc/arm-none-eabi/7.2.1/thumb/v7e-m/crtend.o
 .ARM.attributes
                0x0000000000000000       0x2e /Users/jcw/.platformio/packages/toolchain-gccarmnoneeabi/bin/../lib/gcc/arm-none-eabi/7.2.1/thumb/v7e-m/crtend.o
 .text          0x0000000000000000        0x0 /Users/jcw/.platformio/packages/toolchain-gccarmnoneeabi/bin/../lib/gcc/arm-none-eabi/7.2.1/thumb/v7e-m/crtn.o
 .data          0x0000000000000000        0x0 /Users/jcw/.platformio/packages/toolchain-gccarmnoneeabi/bin/../lib/gcc/arm-none-eabi/7.2.1/thumb/v7e-m/crtn.o
 .bss           0x0000000000000000        0x0 /Users/jcw/.platformio/packages/toolchain-gccarmnoneeabi/bin/../lib/gcc/arm-none-eabi/7.2.1/thumb/v7e-m/crtn.o

Memory Configuration

Name             Origin             Length             Attributes
FLASH            0x0000000008000000 0x0000000000002800 xr
RAM              0x0000000020000000 0x0000000000002800 xrw
*default*        0x0000000000000000 0xffffffffffffffff

Linker script and memory map

LOAD /Users/jcw/.platformio/packages/toolchain-gccarmnoneeabi/bin/../lib/gcc/arm-none-eabi/7.2.1/thumb/v7e-m/crti.o
LOAD /Users/jcw/.platformio/packages/toolchain-gccarmnoneeabi/bin/../lib/gcc/arm-none-eabi/7.2.1/thumb/v7e-m/crtbegin.o
LOAD /Users/jcw/.platformio/packages/toolchain-gccarmnoneeabi/bin/../lib/gcc/arm-none-eabi/7.2.1/../../../../arm-none-eabi/lib/thumb/v7e-m/crt0.o
                0x0000000020002800                _estack = 0x20002800
                0x0000000000000200                _Min_Heap_Size = 0x200
                0x0000000000000400                _Min_Stack_Size = 0x400

.isr_vector     0x0000000008000000      0x188
                0x0000000008000000                . = ALIGN (0x4)
 *(.isr_vector)
 .isr_vector    0x0000000008000000      0x188 .pioenvs/lomem/libFrameworkCMSISDevice.a(startup_stm32f407xx.o)
                0x0000000008000000                g_pfnVectors
                0x0000000008000188                . = ALIGN (0x4)

.text           0x0000000008000188      0x790
                0x0000000008000188                . = ALIGN (0x4)
 *(.text)
 .text          0x0000000008000188       0x40 /Users/jcw/.platformio/packages/toolchain-gccarmnoneeabi/bin/../lib/gcc/arm-none-eabi/7.2.1/thumb/v7e-m/crtbegin.o
 .text          0x00000000080001c8       0x10 /Users/jcw/.platformio/packages/toolchain-gccarmnoneeabi/bin/../lib/gcc/arm-none-eabi/7.2.1/../../../../arm-none-eabi/lib/thumb/v7e-m/libc_nano.a(lib_a-strlen.o)
                0x00000000080001c8                strlen
 *(.text*)
 .text.__libc_init_array
                0x00000000080001d8       0x48 /Users/jcw/.platformio/packages/toolchain-gccarmnoneeabi/bin/../lib/gcc/arm-none-eabi/7.2.1/../../../../arm-none-eabi/lib/thumb/v7e-m/libc.a(lib_a-init.o)
                0x00000000080001d8                __libc_init_array
 .text.startup.register_fini
                0x0000000008000220       0x14 /Users/jcw/.platformio/packages/toolchain-gccarmnoneeabi/bin/../lib/gcc/arm-none-eabi/7.2.1/../../../../arm-none-eabi/lib/thumb/v7e-m/libc.a(lib_a-__call_atexit.o)
 .text.atexit   0x0000000008000234        0xc /Users/jcw/.platformio/packages/toolchain-gccarmnoneeabi/bin/../lib/gcc/arm-none-eabi/7.2.1/../../../../arm-none-eabi/lib/thumb/v7e-m/libc.a(lib_a-atexit.o)
                0x0000000008000234                atexit
 .text.__libc_fini_array
                0x0000000008000240       0x34 /Users/jcw/.platformio/packages/toolchain-gccarmnoneeabi/bin/../lib/gcc/arm-none-eabi/7.2.1/../../../../arm-none-eabi/lib/thumb/v7e-m/libc.a(lib_a-fini.o)
                0x0000000008000240                __libc_fini_array
 .text.__retarget_lock_acquire_recursive
                0x0000000008000274        0x4 /Users/jcw/.platformio/packages/toolchain-gccarmnoneeabi/bin/../lib/gcc/arm-none-eabi/7.2.1/../../../../arm-none-eabi/lib/thumb/v7e-m/libc.a(lib_a-lock.o)
                0x0000000008000274                __retarget_lock_acquire_recursive
 .text.__retarget_lock_release_recursive
                0x0000000008000278        0x4 /Users/jcw/.platformio/packages/toolchain-gccarmnoneeabi/bin/../lib/gcc/arm-none-eabi/7.2.1/../../../../arm-none-eabi/lib/thumb/v7e-m/libc.a(lib_a-lock.o)
                0x0000000008000278                __retarget_lock_release_recursive
 .text.__register_exitproc
                0x000000000800027c       0xc0 /Users/jcw/.platformio/packages/toolchain-gccarmnoneeabi/bin/../lib/gcc/arm-none-eabi/7.2.1/../../../../arm-none-eabi/lib/thumb/v7e-m/libc.a(lib_a-__atexit.o)
                0x000000000800027c                __register_exitproc
 .text._ZL9toggleLedv
                0x000000000800033c       0x20 .pioenvs/lomem/src/main.o
 .text._Z6printfPKcz
                0x000000000800035c       0x24 .pioenvs/lomem/src/main.o
                0x000000000800035c                printf(char const*, ...)
 .text._ZN10UartBufDevI3PinILc65ELi9EES0_ILc65ELi10EELi50EE4putcEi
                0x0000000008000380       0x3c .pioenvs/lomem/src/main.o
                0x0000000008000380                UartBufDev<Pin<(char)65, 9>, Pin<(char)65, 10>, 50>::putc(int)
 .text.startup.main
                0x00000000080003bc      0x1cc .pioenvs/lomem/src/main.o
                0x00000000080003bc                main
 .text._ZZN10UartBufDevI3PinILc65ELi9EES0_ILc65ELi10EELi50EE4initEvENKUlvE_clEv
                0x0000000008000588       0x94 .pioenvs/lomem/src/main.o
                0x0000000008000588                UartBufDev<Pin<(char)65, 9>, Pin<(char)65, 10>, 50>::init()::{lambda()#1}::operator()() const
 .text._ZZN10UartBufDevI3PinILc65ELi9EES0_ILc65ELi10EELi50EE4initEvENUlvE_4_FUNEv
                0x000000000800061c        0xa .pioenvs/lomem/src/main.o
                0x000000000800061c                UartBufDev<Pin<(char)65, 9>, Pin<(char)65, 10>, 50>::init()::{lambda()#1}::_FUN()
 *fill*         0x0000000008000626        0x2 
 .text.startup._GLOBAL__sub_I_linkArea
                0x0000000008000628       0x3c .pioenvs/lomem/src/main.o
 .text._ZL9putFillerPFviEic
                0x0000000008000664       0x14 .pioenvs/lomem/libcba/libjeeh.a(jee.o)
 .text._ZZ13enableSysTickmENUlvE_4_FUNEv
                0x0000000008000678       0x10 .pioenvs/lomem/libcba/libjeeh.a(jee.o)
 .text._Z9VTableRamv
                0x0000000008000688       0x28 .pioenvs/lomem/libcba/libjeeh.a(jee.o)
                0x0000000008000688                VTableRam()
 .text._Z13enableSysTickm
                0x00000000080006b0       0x28 .pioenvs/lomem/libcba/libjeeh.a(jee.o)
                0x00000000080006b0                enableSysTick(unsigned long)
 .text._Z7wait_msm
                0x00000000080006d8       0x18 .pioenvs/lomem/libcba/libjeeh.a(jee.o)
                0x00000000080006d8                wait_ms(unsigned long)
 .text._Z6putIntPFviEiiic
                0x00000000080006f0       0xa0 .pioenvs/lomem/libcba/libjeeh.a(jee.o)
                0x00000000080006f0                putInt(void (*)(int), int, int, int, char)
 .text._Z8veprintfPFviEPKcSt9__va_list
                0x0000000008000790       0xc4 .pioenvs/lomem/libcba/libjeeh.a(jee.o)
                0x0000000008000790                veprintf(void (*)(int), char const*, std::__va_list)
 .text.Reset_Handler
                0x0000000008000854       0x50 .pioenvs/lomem/libFrameworkCMSISDevice.a(startup_stm32f407xx.o)
                0x0000000008000854                Reset_Handler
 .text.Default_Handler
                0x00000000080008a4        0x2 .pioenvs/lomem/libFrameworkCMSISDevice.a(startup_stm32f407xx.o)
                0x00000000080008a4                DMA1_Stream3_IRQHandler
                0x00000000080008a4                HASH_RNG_IRQHandler
                0x00000000080008a4                EXTI2_IRQHandler
                0x00000000080008a4                TIM8_CC_IRQHandler
                0x00000000080008a4                DebugMon_Handler
                0x00000000080008a4                TIM1_CC_IRQHandler
                0x00000000080008a4                DMA2_Stream5_IRQHandler
                0x00000000080008a4                HardFault_Handler
                0x00000000080008a4                DMA1_Stream5_IRQHandler
                0x00000000080008a4                SysTick_Handler
                0x00000000080008a4                PVD_IRQHandler
                0x00000000080008a4                SDIO_IRQHandler
                0x00000000080008a4                TAMP_STAMP_IRQHandler
                0x00000000080008a4                PendSV_Handler
                0x00000000080008a4                NMI_Handler
                0x00000000080008a4                CAN2_RX1_IRQHandler
                0x00000000080008a4                EXTI3_IRQHandler
                0x00000000080008a4                TIM8_TRG_COM_TIM14_IRQHandler
                0x00000000080008a4                TIM1_UP_TIM10_IRQHandler
                0x00000000080008a4                TIM8_UP_TIM13_IRQHandler
                0x00000000080008a4                I2C3_ER_IRQHandler
                0x00000000080008a4                EXTI0_IRQHandler
                0x00000000080008a4                I2C2_EV_IRQHandler
                0x00000000080008a4                DMA1_Stream2_IRQHandler
                0x00000000080008a4                CAN1_RX0_IRQHandler
                0x00000000080008a4                FPU_IRQHandler
                0x00000000080008a4                OTG_HS_WKUP_IRQHandler
                0x00000000080008a4                UsageFault_Handler
                0x00000000080008a4                CAN2_SCE_IRQHandler
                0x00000000080008a4                DMA2_Stream2_IRQHandler
                0x00000000080008a4                SPI1_IRQHandler
                0x00000000080008a4                TIM6_DAC_IRQHandler
                0x00000000080008a4                TIM1_BRK_TIM9_IRQHandler
                0x00000000080008a4                DCMI_IRQHandler
                0x00000000080008a4                CAN2_RX0_IRQHandler
                0x00000000080008a4                DMA2_Stream3_IRQHandler
                0x00000000080008a4                USART6_IRQHandler
                0x00000000080008a4                USART3_IRQHandler
                0x00000000080008a4                CAN1_RX1_IRQHandler
                0x00000000080008a4                UART5_IRQHandler
                0x00000000080008a4                DMA2_Stream0_IRQHandler
                0x00000000080008a4                TIM4_IRQHandler
                0x00000000080008a4                I2C1_EV_IRQHandler
                0x00000000080008a4                DMA1_Stream6_IRQHandler
                0x00000000080008a4                DMA1_Stream1_IRQHandler
                0x00000000080008a4                UART4_IRQHandler
                0x00000000080008a4                TIM3_IRQHandler
                0x00000000080008a4                RCC_IRQHandler
                0x00000000080008a4                TIM8_BRK_TIM12_IRQHandler
                0x00000000080008a4                Default_Handler
                0x00000000080008a4                EXTI15_10_IRQHandler
                0x00000000080008a4                ADC_IRQHandler
                0x00000000080008a4                DMA1_Stream7_IRQHandler
                0x00000000080008a4                TIM7_IRQHandler
                0x00000000080008a4                CAN2_TX_IRQHandler
                0x00000000080008a4                TIM5_IRQHandler
                0x00000000080008a4                DMA2_Stream7_IRQHandler
                0x00000000080008a4                I2C3_EV_IRQHandler
                0x00000000080008a4                EXTI9_5_IRQHandler
                0x00000000080008a4                RTC_WKUP_IRQHandler
                0x00000000080008a4                ETH_WKUP_IRQHandler
                0x00000000080008a4                SPI2_IRQHandler
                0x00000000080008a4                OTG_HS_EP1_IN_IRQHandler
                0x00000000080008a4                MemManage_Handler
                0x00000000080008a4                DMA1_Stream0_IRQHandler
                0x00000000080008a4                CAN1_TX_IRQHandler
                0x00000000080008a4                SVC_Handler
                0x00000000080008a4                EXTI4_IRQHandler
                0x00000000080008a4                FSMC_IRQHandler
                0x00000000080008a4                ETH_IRQHandler
                0x00000000080008a4                OTG_HS_EP1_OUT_IRQHandler
                0x00000000080008a4                WWDG_IRQHandler
                0x00000000080008a4                TIM2_IRQHandler
                0x00000000080008a4                OTG_FS_WKUP_IRQHandler
                0x00000000080008a4                TIM1_TRG_COM_TIM11_IRQHandler
                0x00000000080008a4                OTG_HS_IRQHandler
                0x00000000080008a4                EXTI1_IRQHandler
                0x00000000080008a4                USART2_IRQHandler
                0x00000000080008a4                I2C2_ER_IRQHandler
                0x00000000080008a4                DMA2_Stream1_IRQHandler
                0x00000000080008a4                CAN1_SCE_IRQHandler
                0x00000000080008a4                FLASH_IRQHandler
                0x00000000080008a4                DMA2_Stream4_IRQHandler
                0x00000000080008a4                BusFault_Handler
                0x00000000080008a4                USART1_IRQHandler
                0x00000000080008a4                OTG_FS_IRQHandler
                0x00000000080008a4                SPI3_IRQHandler
                0x00000000080008a4                DMA1_Stream4_IRQHandler
                0x00000000080008a4                I2C1_ER_IRQHandler
                0x00000000080008a4                DMA2_Stream6_IRQHandler
                0x00000000080008a4                RTC_Alarm_IRQHandler
 *fill*         0x00000000080008a6        0x2 
 .text.SystemInit
                0x00000000080008a8       0x40 .pioenvs/lomem/libFrameworkCMSISDevice.a(system_stm32f4xx.o)
                0x00000000080008a8                SystemInit
 .text.memcpy   0x00000000080008e8       0x16 /Users/jcw/.platformio/packages/toolchain-gccarmnoneeabi/bin/../lib/gcc/arm-none-eabi/7.2.1/../../../../arm-none-eabi/lib/thumb/v7e-m/libc_nano.a(lib_a-memcpy-stub.o)
                0x00000000080008e8                memcpy
 *(.glue_7)
 .glue_7        0x00000000080008fe        0x0 linker stubs
 *(.glue_7t)
 .glue_7t       0x00000000080008fe        0x0 linker stubs
 *(.eh_frame)
 *fill*         0x00000000080008fe        0x2 
 .eh_frame      0x0000000008000900        0x0 /Users/jcw/.platformio/packages/toolchain-gccarmnoneeabi/bin/../lib/gcc/arm-none-eabi/7.2.1/thumb/v7e-m/crtbegin.o
 *(.init)
 .init          0x0000000008000900        0x4 /Users/jcw/.platformio/packages/toolchain-gccarmnoneeabi/bin/../lib/gcc/arm-none-eabi/7.2.1/thumb/v7e-m/crti.o
                0x0000000008000900                _init
 .init          0x0000000008000904        0x8 /Users/jcw/.platformio/packages/toolchain-gccarmnoneeabi/bin/../lib/gcc/arm-none-eabi/7.2.1/thumb/v7e-m/crtn.o
 *(.fini)
 .fini          0x000000000800090c        0x4 /Users/jcw/.platformio/packages/toolchain-gccarmnoneeabi/bin/../lib/gcc/arm-none-eabi/7.2.1/thumb/v7e-m/crti.o
                0x000000000800090c                _fini
 .fini          0x0000000008000910        0x8 /Users/jcw/.platformio/packages/toolchain-gccarmnoneeabi/bin/../lib/gcc/arm-none-eabi/7.2.1/thumb/v7e-m/crtn.o
                0x0000000008000918                . = ALIGN (0x4)
                0x0000000008000918                _etext = .

.vfp11_veneer   0x0000000008000918        0x0
 .vfp11_veneer  0x0000000008000918        0x0 linker stubs

.v4_bx          0x0000000008000918        0x0
 .v4_bx         0x0000000008000918        0x0 linker stubs

.iplt           0x0000000008000918        0x0
 .iplt          0x0000000008000918        0x0 /Users/jcw/.platformio/packages/toolchain-gccarmnoneeabi/bin/../lib/gcc/arm-none-eabi/7.2.1/thumb/v7e-m/crtbegin.o

.rodata         0x0000000008000918       0x30
                0x0000000008000918                . = ALIGN (0x4)
 *(.rodata)
 *(.rodata*)
 .rodata._global_impure_ptr
                0x0000000008000918        0x4 /Users/jcw/.platformio/packages/toolchain-gccarmnoneeabi/bin/../lib/gcc/arm-none-eabi/7.2.1/../../../../arm-none-eabi/lib/thumb/v7e-m/libc.a(lib_a-impure.o)
                0x0000000008000918                _global_impure_ptr
 .rodata.main.str1.1
                0x000000000800091c       0x1b .pioenvs/lomem/src/main.o
 .rodata._Z6putIntPFviEiiic.str1.1
                0x0000000008000937       0x11 .pioenvs/lomem/libcba/libjeeh.a(jee.o)
                0x0000000008000948                . = ALIGN (0x4)

.rel.dyn        0x0000000008000948        0x0
 .rel.iplt      0x0000000008000948        0x0 /Users/jcw/.platformio/packages/toolchain-gccarmnoneeabi/bin/../lib/gcc/arm-none-eabi/7.2.1/thumb/v7e-m/crtbegin.o

.ARM.extab
 *(.ARM.extab* .gnu.linkonce.armextab.*)

.ARM            0x0000000008000948        0x0
                0x0000000008000948                __exidx_start = .
 *(.ARM.exidx*)
                0x0000000008000948                __exidx_end = .

.preinit_array  0x0000000008000948        0x0
                0x0000000008000948                PROVIDE (__preinit_array_start, .)
 *(.preinit_array*)
                0x0000000008000948                PROVIDE (__preinit_array_end, .)

.init_array     0x0000000008000948        0xc
                0x0000000008000948                PROVIDE (__init_array_start, .)
 *(SORT_BY_NAME(.init_array.*))
 .init_array.00000
                0x0000000008000948        0x4 /Users/jcw/.platformio/packages/toolchain-gccarmnoneeabi/bin/../lib/gcc/arm-none-eabi/7.2.1/../../../../arm-none-eabi/lib/thumb/v7e-m/libc.a(lib_a-__call_atexit.o)
 *(.init_array*)
 .init_array    0x000000000800094c        0x4 /Users/jcw/.platformio/packages/toolchain-gccarmnoneeabi/bin/../lib/gcc/arm-none-eabi/7.2.1/thumb/v7e-m/crtbegin.o
 .init_array    0x0000000008000950        0x4 .pioenvs/lomem/src/main.o
                0x0000000008000954                PROVIDE (__init_array_end, .)

.fini_array     0x0000000008000954        0x4
                0x0000000008000954                PROVIDE (__fini_array_start, .)
 *(SORT_BY_NAME(.fini_array.*))
 *(.fini_array*)
 .fini_array    0x0000000008000954        0x4 /Users/jcw/.platformio/packages/toolchain-gccarmnoneeabi/bin/../lib/gcc/arm-none-eabi/7.2.1/thumb/v7e-m/crtbegin.o
                0x0000000008000958                PROVIDE (__fini_array_end, .)
                0x0000000008000958                _sidata = LOADADDR (.data)

.data           0x0000000020000000      0x430 load address 0x0000000008000958
                0x0000000020000000                . = ALIGN (0x4)
                0x0000000020000000                _sdata = .
 *(.data)
 *(.data*)
 .data.impure_data
                0x0000000020000000      0x428 /Users/jcw/.platformio/packages/toolchain-gccarmnoneeabi/bin/../lib/gcc/arm-none-eabi/7.2.1/../../../../arm-none-eabi/lib/thumb/v7e-m/libc.a(lib_a-impure.o)
 .data.__atexit_recursive_mutex
                0x0000000020000428        0x4 /Users/jcw/.platformio/packages/toolchain-gccarmnoneeabi/bin/../lib/gcc/arm-none-eabi/7.2.1/../../../../arm-none-eabi/lib/thumb/v7e-m/libc.a(lib_a-__call_atexit.o)
                0x0000000020000428                __atexit_recursive_mutex
 .data.linkArea
                0x000000002000042c        0x4 .pioenvs/lomem/src/main.o
                0x000000002000042c                linkArea
                0x0000000020000430                . = ALIGN (0x4)
                0x0000000020000430                _edata = .

.igot.plt       0x0000000020000430        0x0 load address 0x0000000008000d88
 .igot.plt      0x0000000020000430        0x0 /Users/jcw/.platformio/packages/toolchain-gccarmnoneeabi/bin/../lib/gcc/arm-none-eabi/7.2.1/thumb/v7e-m/crtbegin.o
                0x0000000020000430                . = ALIGN (0x4)

.bss            0x0000000020000600      0x3d4 load address 0x0000000008000d88
                0x0000000020000600                _sbss = .
                0x0000000020000600                __bss_start__ = _sbss
 *(.bss)
 .bss           0x0000000020000600       0x1c /Users/jcw/.platformio/packages/toolchain-gccarmnoneeabi/bin/../lib/gcc/arm-none-eabi/7.2.1/thumb/v7e-m/crtbegin.o
 *(.bss*)
 .bss._ZGVN10UartBufDevI3PinILc65ELi9EES0_ILc65ELi10EELi50EE4recvE
                0x000000002000061c        0x4 .pioenvs/lomem/src/main.o
                0x000000002000061c                guard variable for UartBufDev<Pin<(char)65, 9>, Pin<(char)65, 10>, 50>::recv
 .bss._ZGVN10UartBufDevI3PinILc65ELi9EES0_ILc65ELi10EELi50EE4xmitE
                0x0000000020000620        0x4 .pioenvs/lomem/src/main.o
                0x0000000020000620                guard variable for UartBufDev<Pin<(char)65, 9>, Pin<(char)65, 10>, 50>::xmit
 .bss._ZN10UartBufDevI3PinILc65ELi9EES0_ILc65ELi10EELi50EE4recvE
                0x0000000020000624       0x36 .pioenvs/lomem/src/main.o
                0x0000000020000624                UartBufDev<Pin<(char)65, 9>, Pin<(char)65, 10>, 50>::recv
 .bss._ZN10UartBufDevI3PinILc65ELi9EES0_ILc65ELi10EELi50EE4xmitE
                0x000000002000065a       0x36 .pioenvs/lomem/src/main.o
                0x000000002000065a                UartBufDev<Pin<(char)65, 9>, Pin<(char)65, 10>, 50>::xmit
 *fill*         0x0000000020000690      0x170 
 .bss._ZZ9VTableRamvE6vtable
                0x0000000020000800      0x1ac .pioenvs/lomem/libcba/libjeeh.a(jee.o)
 .bss.ticks     0x00000000200009ac        0x4 .pioenvs/lomem/libcba/libjeeh.a(jee.o)
                0x00000000200009ac                ticks
 *(COMMON)
 COMMON         0x00000000200009b0       0x21 /Users/jcw/.platformio/packages/toolchain-gccarmnoneeabi/bin/../lib/gcc/arm-none-eabi/7.2.1/../../../../arm-none-eabi/lib/thumb/v7e-m/libc.a(lib_a-lock.o)
                0x00000000200009b0                __lock___atexit_recursive_mutex
                0x00000000200009b4                __lock___arc4random_mutex
                0x00000000200009b8                __lock___env_recursive_mutex
                0x00000000200009bc                __lock___sinit_recursive_mutex
                0x00000000200009c0                __lock___malloc_recursive_mutex
                0x00000000200009c4                __lock___at_quick_exit_mutex
                0x00000000200009c8                __lock___dd_hash_mutex
                0x00000000200009cc                __lock___tz_mutex
                0x00000000200009d0                __lock___sfp_recursive_mutex
                0x00000000200009d4                . = ALIGN (0x4)
 *fill*         0x00000000200009d1        0x3 
                0x00000000200009d4                _ebss = .
                0x00000000200009d4                __bss_end__ = _ebss

._user_heap_stack
                0x00000000200009d4      0x600 load address 0x0000000008000d88
                0x00000000200009d4                . = ALIGN (0x4)
                [!provide]                        PROVIDE (end, .)
                [!provide]                        PROVIDE (_end, .)
                0x0000000020000bd4                . = (. + _Min_Heap_Size)
 *fill*         0x00000000200009d4      0x200 
                0x0000000020000fd4                . = (. + _Min_Stack_Size)
 *fill*         0x0000000020000bd4      0x400 
                0x0000000020000fd4                . = ALIGN (0x4)

/DISCARD/
 libc.a(*)
 libm.a(*)
 libgcc.a(*)

.ARM.attributes
                0x0000000000000000       0x2a
 *(.ARM.attributes)
 .ARM.attributes
                0x0000000000000000       0x1e /Users/jcw/.platformio/packages/toolchain-gccarmnoneeabi/bin/../lib/gcc/arm-none-eabi/7.2.1/thumb/v7e-m/crti.o
 .ARM.attributes
                0x000000000000001e       0x2e /Users/jcw/.platformio/packages/toolchain-gccarmnoneeabi/bin/../lib/gcc/arm-none-eabi/7.2.1/thumb/v7e-m/crtbegin.o
 .ARM.attributes
                0x000000000000004c       0x33 .pioenvs/lomem/src/main.o
 .ARM.attributes
                0x000000000000007f       0x33 .pioenvs/lomem/libcba/libjeeh.a(jee.o)
 .ARM.attributes
                0x00000000000000b2       0x21 .pioenvs/lomem/libFrameworkCMSISDevice.a(startup_stm32f407xx.o)
 .ARM.attributes
                0x00000000000000d3       0x33 .pioenvs/lomem/libFrameworkCMSISDevice.a(system_stm32f4xx.o)
 .ARM.attributes
                0x0000000000000106       0x2e /Users/jcw/.platformio/packages/toolchain-gccarmnoneeabi/bin/../lib/gcc/arm-none-eabi/7.2.1/../../../../arm-none-eabi/lib/thumb/v7e-m/libc_nano.a(lib_a-memcpy-stub.o)
 .ARM.attributes
                0x0000000000000134       0x17 /Users/jcw/.platformio/packages/toolchain-gccarmnoneeabi/bin/../lib/gcc/arm-none-eabi/7.2.1/../../../../arm-none-eabi/lib/thumb/v7e-m/libc_nano.a(lib_a-strlen.o)
 .ARM.attributes
                0x000000000000014b       0x1e /Users/jcw/.platformio/packages/toolchain-gccarmnoneeabi/bin/../lib/gcc/arm-none-eabi/7.2.1/thumb/v7e-m/crtn.o
LOAD .pioenvs/lomem/src/main.o
START GROUP
LOAD .pioenvs/lomem/libcba/libjeeh.a
LOAD /Users/jcw/.platformio/packages/toolchain-gccarmnoneeabi/bin/../lib/gcc/arm-none-eabi/7.2.1/thumb/v7e-m/libgcc.a
LOAD /Users/jcw/.platformio/packages/toolchain-gccarmnoneeabi/bin/../lib/gcc/arm-none-eabi/7.2.1/../../../../arm-none-eabi/lib/thumb/v7e-m/libstdc++_nano.a
LOAD /Users/jcw/.platformio/packages/toolchain-gccarmnoneeabi/bin/../lib/gcc/arm-none-eabi/7.2.1/../../../../arm-none-eabi/lib/thumb/v7e-m/libnosys.a
LOAD .pioenvs/lomem/libFrameworkHALDriver.a
LOAD .pioenvs/lomem/libFrameworkCMSISDevice.a
END GROUP
LOAD /Users/jcw/.platformio/packages/toolchain-gccarmnoneeabi/bin/../lib/gcc/arm-none-eabi/7.2.1/../../../../arm-none-eabi/lib/thumb/v7e-m/libstdc++_nano.a
LOAD /Users/jcw/.platformio/packages/toolchain-gccarmnoneeabi/bin/../lib/gcc/arm-none-eabi/7.2.1/../../../../arm-none-eabi/lib/thumb/v7e-m/libm.a
LOAD /Users/jcw/.platformio/packages/toolchain-gccarmnoneeabi/bin/../lib/gcc/arm-none-eabi/7.2.1/../../../../arm-none-eabi/lib/thumb/v7e-m/libc_nano.a
START GROUP
LOAD /Users/jcw/.platformio/packages/toolchain-gccarmnoneeabi/bin/../lib/gcc/arm-none-eabi/7.2.1/thumb/v7e-m/libgcc.a
LOAD /Users/jcw/.platformio/packages/toolchain-gccarmnoneeabi/bin/../lib/gcc/arm-none-eabi/7.2.1/../../../../arm-none-eabi/lib/thumb/v7e-m/libc_nano.a
END GROUP
START GROUP
LOAD /Users/jcw/.platformio/packages/toolchain-gccarmnoneeabi/bin/../lib/gcc/arm-none-eabi/7.2.1/thumb/v7e-m/libgcc.a
LOAD /Users/jcw/.platformio/packages/toolchain-gccarmnoneeabi/bin/../lib/gcc/arm-none-eabi/7.2.1/../../../../arm-none-eabi/lib/thumb/v7e-m/libc_nano.a
LOAD /Users/jcw/.platformio/packages/toolchain-gccarmnoneeabi/bin/../lib/gcc/arm-none-eabi/7.2.1/../../../../arm-none-eabi/lib/thumb/v7e-m/libnosys.a
END GROUP
START GROUP
LOAD /Users/jcw/.platformio/packages/toolchain-gccarmnoneeabi/bin/../lib/gcc/arm-none-eabi/7.2.1/thumb/v7e-m/libgcc.a
LOAD /Users/jcw/.platformio/packages/toolchain-gccarmnoneeabi/bin/../lib/gcc/arm-none-eabi/7.2.1/../../../../arm-none-eabi/lib/thumb/v7e-m/libc_nano.a
LOAD /Users/jcw/.platformio/packages/toolchain-gccarmnoneeabi/bin/../lib/gcc/arm-none-eabi/7.2.1/../../../../arm-none-eabi/lib/thumb/v7e-m/libnosys.a
END GROUP
LOAD /Users/jcw/.platformio/packages/toolchain-gccarmnoneeabi/bin/../lib/gcc/arm-none-eabi/7.2.1/thumb/v7e-m/crtend.o
LOAD /Users/jcw/.platformio/packages/toolchain-gccarmnoneeabi/bin/../lib/gcc/arm-none-eabi/7.2.1/thumb/v7e-m/crtn.o
OUTPUT(.pioenvs/lomem/firmware.elf elf32-littlearm)

.comment        0x0000000000000000       0x7e
 .comment       0x0000000000000000       0x7e .pioenvs/lomem/src/main.o
                                         0x7f (size before relaxing)
 .comment       0x000000000000007e       0x7f .pioenvs/lomem/libcba/libjeeh.a(jee.o)
 .comment       0x000000000000007e       0x7f .pioenvs/lomem/libFrameworkCMSISDevice.a(system_stm32f4xx.o)

.debug_frame    0x0000000000000000       0x28
 .debug_frame   0x0000000000000000       0x28 /Users/jcw/.platformio/packages/toolchain-gccarmnoneeabi/bin/../lib/gcc/arm-none-eabi/7.2.1/../../../../arm-none-eabi/lib/thumb/v7e-m/libc_nano.a(lib_a-memcpy-stub.o)
