Z80ASM SuperFast Relocating Macro Assembler     	    Z80ASM 1.32 Page   1
BOOT    Z80

    1                   ; Cold bootstrap for z80 emulator
    2                   ;
    3                   ; generate the header file with this command:
    4                   ;   z80asm -o - boot.z80 | xxd -i >src/boot.h
    5                   
    6         E800      CCP     equ 0E800h
    7         FE00      BIOS    equ CCP + 1600h
    8                   
    9         0000              org 0
   10                   
   11 0000  11 0014     boot:	ld de,greet
   12 0003  DB 03               in a,(3)                ; display greeting
   13                   
   14 0005  3E 00               ld a,0
   15 0007  06 30               ld b,48                 ; read CCP + BDOS + BIOS into memory
   16 0009  11 0001             ld de,1                 ; skip first sector on first track
   17 000C  21 E800             ld hl,CCP               ; start address
   18 000F  DB 04       	in a,(4)                ; disk read request
   19                   
   20 0011  C3 FE00             jp BIOS                 ; jump to bios cold start
   21                   
   22 0014  0D 0A 5B 52 greet:  db 13,10,'[RetroLab Z80] ',0
   23                   
   24 0026    0059              ds 127-$
   25 007F  00                  db 0                    ; so generated code is exactly 128 bytes
   26                   
   27                           end
 0 Error(s) Detected.
 256 Absolute Bytes. 4 Symbols Detected.
.
d.
